// Jest Snapshot v1, https://goo.gl/fbAQLP

exports[`Footer should render correctly Footer component just for now ^^  1`] = `ShallowWrapper {}`;
